FILENAME	NUMSEQ	TOTAL	MIN	AVG	MAX	A
empty_file	0	0	-	-	-	0
