FILENAME	NUMSEQ	TOTAL	MIN	AVG	MAX	A
one_sequence.fasta	1	237	237	237	237	24
