FILENAME	NUMSEQ	TOTAL	MIN	AVG	MAX	A
two_sequence.fasta	1	237	237	237	237	24
