FILENAME	NUMSEQ	TOTAL	MIN	AVG	MAX	A
stdin	1	237	237	237	237	24
