FILENAME	NUMSEQ	TOTAL	MIN	AVG	MAX	A
two_sequence.fasta	2	357	120	178	237	37
