FILENAME	NUMSEQ	TOTAL	MIN	AVG	MAX	A
two_sequence.fasta	0	0	-	-	-	0
